This file contains any messages produced by compilers while
running configure, to aid debugging if configure makes a mistake.

It was created by Parafly configure 0.1, which was
generated by GNU Autoconf 2.71.  Invocation command line was

  $ ./configure --prefix=/home/unix/bhaas/GITHUB/trinityrnaseq/trinity-plugins/ParaFly CXX=g++ CC=gcc CFLAGS=-fopenmp CXXFLAGS=-fopenmp

## --------- ##
## Platform. ##
## --------- ##

hostname = bhaas-gce3.us-central1-f.c.methods-dev-lab.internal
uname -m = x86_64
uname -r = 6.17.0-1008-gcp
uname -s = Linux
uname -v = #8~24.04.1-Ubuntu SMP Fri Jan 30 23:44:29 UTC 2026

/usr/bin/uname -p = x86_64
/bin/uname -X     = unknown

/bin/arch              = x86_64
/usr/bin/arch -k       = unknown
/usr/convex/getsysinfo = unknown
/usr/bin/hostinfo      = unknown
/bin/machine           = unknown
/usr/bin/oslevel       = unknown
/bin/universe          = unknown

PATH: /home/unix/bhaas/.local/bin/
PATH: /home/unix/bhaas/utilities/
PATH: /home/unix/bhaas/.local/bin/
PATH: /home/unix/bhaas/.local/bin/
PATH: /home/unix/bhaas/utilities/
PATH: /home/unix/bhaas/miniforge3/bin/
PATH: /home/unix/bhaas/miniforge3/condabin/
PATH: /home/unix/bhaas/google-cloud-sdk/bin/
PATH: /usr/local/sbin/
PATH: /usr/local/bin/
PATH: /usr/sbin/
PATH: /usr/bin/
PATH: /sbin/
PATH: /bin/
PATH: /usr/games/
PATH: /usr/local/games/
PATH: /snap/bin/


## ----------- ##
## Core tests. ##
## ----------- ##

configure:2044: looking for aux files: missing install-sh
configure:2057:  trying ./
configure:2086:   ./missing found
configure:2068:   ./install-sh found
configure:2215: checking for a BSD-compatible install
configure:2288: result: /usr/bin/install -c
configure:2299: checking whether build environment is sane
configure:2349: result: yes
configure:2502: checking for a race-free mkdir -p
configure:2546: result: /usr/bin/mkdir -p
configure:2559: checking for gawk
configure:2580: found /usr/bin/gawk
configure:2591: result: gawk
configure:2602: checking whether make sets $(MAKE)
configure:2625: result: yes
configure:2835: checking for C++ compiler version
configure:2844: g++ --version >&5
g++ (Ubuntu 13.3.0-6ubuntu2~24.04.1) 13.3.0
Copyright (C) 2023 Free Software Foundation, Inc.
This is free software; see the source for copying conditions.  There is NO
warranty; not even for MERCHANTABILITY or FITNESS FOR A PARTICULAR PURPOSE.

configure:2855: $? = 0
configure:2844: g++ -v >&5
Using built-in specs.
COLLECT_GCC=g++
COLLECT_LTO_WRAPPER=/usr/libexec/gcc/x86_64-linux-gnu/13/lto-wrapper
OFFLOAD_TARGET_NAMES=nvptx-none:amdgcn-amdhsa
OFFLOAD_TARGET_DEFAULT=1
Target: x86_64-linux-gnu
Configured with: ../src/configure -v --with-pkgversion='Ubuntu 13.3.0-6ubuntu2~24.04.1' --with-bugurl=file:///usr/share/doc/gcc-13/README.Bugs --enable-languages=c,ada,c++,go,d,fortran,objc,obj-c++,m2 --prefix=/usr --with-gcc-major-version-only --program-suffix=-13 --program-prefix=x86_64-linux-gnu- --enable-shared --enable-linker-build-id --libexecdir=/usr/libexec --without-included-gettext --enable-threads=posix --libdir=/usr/lib --enable-nls --enable-bootstrap --enable-clocale=gnu --enable-libstdcxx-debug --enable-libstdcxx-time=yes --with-default-libstdcxx-abi=new --enable-libstdcxx-backtrace --enable-gnu-unique-object --disable-vtable-verify --enable-plugin --enable-default-pie --with-system-zlib --enable-libphobos-checking=release --with-target-system-zlib=auto --enable-objc-gc=auto --enable-multiarch --disable-werror --enable-cet --with-arch-32=i686 --with-abi=m64 --with-multilib-list=m32,m64,mx32 --enable-multilib --with-tune=generic --enable-offload-targets=nvptx-none=/build/gcc-13-EldibY/gcc-13-13.3.0/debian/tmp-nvptx/usr,amdgcn-amdhsa=/build/gcc-13-EldibY/gcc-13-13.3.0/debian/tmp-gcn/usr --enable-offload-defaulted --without-cuda-driver --enable-checking=release --build=x86_64-linux-gnu --host=x86_64-linux-gnu --target=x86_64-linux-gnu --with-build-config=bootstrap-lto-lean --enable-link-serialization=2
Thread model: posix
Supported LTO compression algorithms: zlib zstd
gcc version 13.3.0 (Ubuntu 13.3.0-6ubuntu2~24.04.1) 
... rest of stderr output deleted ...
configure:2855: $? = 0
configure:2844: g++ -V >&5
g++: error: unrecognized command-line option '-V'
g++: fatal error: no input files
compilation terminated.
configure:2855: $? = 1
configure:2844: g++ -qversion >&5
g++: error: unrecognized command-line option '-qversion'; did you mean '--version'?
g++: fatal error: no input files
compilation terminated.
configure:2855: $? = 1
configure:2875: checking whether the C++ compiler works
configure:2897: g++ -fopenmp   conftest.cpp  >&5
configure:2901: $? = 0
configure:2951: result: yes
configure:2954: checking for C++ compiler default output file name
configure:2956: result: a.out
configure:2962: checking for suffix of executables
configure:2969: g++ -o conftest -fopenmp   conftest.cpp  >&5
configure:2973: $? = 0
configure:2996: result: 
configure:3018: checking whether we are cross compiling
configure:3026: g++ -o conftest -fopenmp   conftest.cpp  >&5
configure:3030: $? = 0
configure:3037: ./conftest
configure:3041: $? = 0
configure:3056: result: no
configure:3061: checking for suffix of object files
configure:3084: g++ -c -fopenmp  conftest.cpp >&5
configure:3088: $? = 0
configure:3110: result: o
configure:3114: checking whether the compiler supports GNU C++
configure:3134: g++ -c -fopenmp  conftest.cpp >&5
configure:3134: $? = 0
configure:3144: result: yes
configure:3155: checking whether g++ accepts -g
configure:3176: g++ -c -g  conftest.cpp >&5
configure:3176: $? = 0
configure:3220: result: yes
configure:3240: checking for g++ option to enable C++11 features
configure:3255: g++  -c -fopenmp  conftest.cpp >&5
conftest.cpp: In function 'int main(int, char**)':
conftest.cpp:177:25: warning: empty parentheses were disambiguated as a function declaration [-Wvexing-parse]
  177 |   cxx11test::delegate d2();
      |                         ^~
conftest.cpp:177:25: note: remove parentheses to default-initialize a variable
  177 |   cxx11test::delegate d2();
      |                         ^~
      |                         --
conftest.cpp:177:25: note: or replace parentheses with braces to value-initialize a variable
configure:3255: $? = 0
configure:3273: result: none needed
configure:3348: checking for style of include used by make
configure:3376: result: GNU
configure:3402: checking dependency style of g++
configure:3513: result: gcc3
configure:3540: checking for g++ option to support OpenMP
configure:3562: g++ -c -fopenmp   conftest.cpp >&5
configure:3562: $? = 0
configure:3574: g++ -o conftest -fopenmp    conftest.cpp  >&5
configure:3574: $? = 0
configure:3597: result: none needed
configure:3616: checking for library containing cos
configure:3645: g++ -o conftest -fopenmp   conftest.cpp  >&5
configure:3645: $? = 0
configure:3665: result: none required
configure:3800: creating ./config.status

## ---------------------- ##
## Running config.status. ##
## ---------------------- ##

This file was extended by Parafly config.status 0.1, which was
generated by GNU Autoconf 2.71.  Invocation command line was

  CONFIG_FILES    = 
  CONFIG_HEADERS  = 
  CONFIG_LINKS    = 
  CONFIG_COMMANDS = 
  $ ./config.status 

on bhaas-gce3.us-central1-f.c.methods-dev-lab.internal

config.status:831: creating Makefile
config.status:831: creating src/Makefile
config.status:831: creating config.h
config.status:1012: config.h is unchanged
config.status:1060: executing depfiles commands

## ---------------- ##
## Cache variables. ##
## ---------------- ##

ac_cv_cxx_compiler_gnu=yes
ac_cv_env_CCC_set=
ac_cv_env_CCC_value=
ac_cv_env_CPPFLAGS_set=
ac_cv_env_CPPFLAGS_value=
ac_cv_env_CXXFLAGS_set=set
ac_cv_env_CXXFLAGS_value=-fopenmp
ac_cv_env_CXX_set=set
ac_cv_env_CXX_value=g++
ac_cv_env_LDFLAGS_set=
ac_cv_env_LDFLAGS_value=
ac_cv_env_LIBS_set=
ac_cv_env_LIBS_value=
ac_cv_env_build_alias_set=
ac_cv_env_build_alias_value=
ac_cv_env_host_alias_set=
ac_cv_env_host_alias_value=
ac_cv_env_target_alias_set=
ac_cv_env_target_alias_value=
ac_cv_objext=o
ac_cv_path_install='/usr/bin/install -c'
ac_cv_path_mkdir=/usr/bin/mkdir
ac_cv_prog_AWK=gawk
ac_cv_prog_cxx_cxx11=
ac_cv_prog_cxx_g=yes
ac_cv_prog_cxx_openmp='none needed'
ac_cv_prog_cxx_stdcxx=
ac_cv_prog_make_make_set=yes
ac_cv_search_cos='none required'
am_cv_CXX_dependencies_compiler_type=gcc3

## ----------------- ##
## Output variables. ##
## ----------------- ##

ACLOCAL='${SHELL} /home/unix/bhaas/GITHUB/trinityrnaseq/trinity-plugins/ParaFly/missing --run aclocal-1.11'
AMDEPBACKSLASH='\'
AMDEP_FALSE='#'
AMDEP_TRUE=''
AMTAR='${SHELL} /home/unix/bhaas/GITHUB/trinityrnaseq/trinity-plugins/ParaFly/missing --run tar'
AM_CXXFLAGS='-pedantic -Wall -Wextra -Wno-long-long -Wno-deprecated -m64'
AUTOCONF='${SHELL} /home/unix/bhaas/GITHUB/trinityrnaseq/trinity-plugins/ParaFly/missing --run autoconf'
AUTOHEADER='${SHELL} /home/unix/bhaas/GITHUB/trinityrnaseq/trinity-plugins/ParaFly/missing --run autoheader'
AUTOMAKE='${SHELL} /home/unix/bhaas/GITHUB/trinityrnaseq/trinity-plugins/ParaFly/missing --run automake-1.11'
AWK='gawk'
CPPFLAGS=''
CXX='g++'
CXXDEPMODE='depmode=gcc3'
CXXFLAGS='-fopenmp'
CYGPATH_W='echo'
DEFS='-DHAVE_CONFIG_H'
DEPDIR='.deps'
ECHO_C=''
ECHO_N='-n'
ECHO_T=''
EXEEXT=''
INSTALL_DATA='${INSTALL} -m 644'
INSTALL_PROGRAM='${INSTALL}'
INSTALL_SCRIPT='${INSTALL}'
INSTALL_STRIP_PROGRAM='$(install_sh) -c -s'
LDFLAGS=''
LIBOBJS=''
LIBS=''
LTLIBOBJS=''
MAKEINFO='${SHELL} /home/unix/bhaas/GITHUB/trinityrnaseq/trinity-plugins/ParaFly/missing --run makeinfo'
MKDIR_P='/usr/bin/mkdir -p'
OBJEXT='o'
OPENMP_CXXFLAGS=''
PACKAGE='parafly'
PACKAGE_BUGREPORT='bug-report@address'
PACKAGE_NAME='Parafly'
PACKAGE_STRING='Parafly 0.1'
PACKAGE_TARNAME='parafly'
PACKAGE_URL=''
PACKAGE_VERSION='0.1'
PATH_SEPARATOR=':'
SET_MAKE=''
SHELL='/bin/bash'
STRIP=''
VERSION='0.1'
ac_ct_CXX=''
am__EXEEXT_FALSE=''
am__EXEEXT_TRUE='#'
am__fastdepCXX_FALSE='#'
am__fastdepCXX_TRUE=''
am__include='include'
am__isrc=''
am__leading_dot='.'
am__quote=''
am__tar='${AMTAR} chof - "$$tardir"'
am__untar='${AMTAR} xf -'
bindir='${exec_prefix}/bin'
build_alias=''
datadir='${datarootdir}'
datarootdir='${prefix}/share'
docdir='${datarootdir}/doc/${PACKAGE_TARNAME}'
dvidir='${docdir}'
exec_prefix='${prefix}'
host_alias=''
htmldir='${docdir}'
includedir='${prefix}/include'
infodir='${datarootdir}/info'
install_sh='${SHELL} /home/unix/bhaas/GITHUB/trinityrnaseq/trinity-plugins/ParaFly/install-sh'
libdir='${exec_prefix}/lib'
libexecdir='${exec_prefix}/libexec'
localedir='${datarootdir}/locale'
localstatedir='${prefix}/var'
mandir='${datarootdir}/man'
mkdir_p='/usr/bin/mkdir -p'
oldincludedir='/usr/include'
pdfdir='${docdir}'
prefix='/home/unix/bhaas/GITHUB/trinityrnaseq/trinity-plugins/ParaFly'
program_transform_name='s,x,x,'
psdir='${docdir}'
runstatedir='${localstatedir}/run'
sbindir='${exec_prefix}/sbin'
sharedstatedir='${prefix}/com'
sysconfdir='${prefix}/etc'
target_alias=''

## ----------- ##
## confdefs.h. ##
## ----------- ##

/* confdefs.h */
#define PACKAGE_NAME "Parafly"
#define PACKAGE_TARNAME "parafly"
#define PACKAGE_VERSION "0.1"
#define PACKAGE_STRING "Parafly 0.1"
#define PACKAGE_BUGREPORT "bug-report@address"
#define PACKAGE_URL ""
#define PACKAGE "parafly"
#define VERSION "0.1"

configure: exit 0
